2026-07-29 05:46:45.740: [INFO][Sync] Reset engine, reason: 8
2026-07-29 05:46:45.740: [INFO][Sync] Stopped: Bookmarks
2026-07-29 05:46:45.740: [INFO][Sync] Stopped: Preferences
2026-07-29 05:46:45.740: [INFO][Sync] Stopped: Passwords
2026-07-29 05:46:45.740: [INFO][Sync] Stopped: Autofill Profiles
2026-07-29 05:46:45.740: [INFO][Sync] Stopped: Autofill
2026-07-29 05:46:45.740: [INFO][Sync] Stopped: Extensions
2026-07-29 05:46:45.740: [INFO][Sync] Stopped: Sessions
2026-07-29 05:46:45.740: [INFO][Sync] Stopped: Extension settings
2026-07-29 05:46:45.740: [INFO][Sync] Stopped: History Delete Directives
2026-07-29 05:46:45.740: [INFO][Sync] Stopped: Device Info
2026-07-29 05:46:45.740: [INFO][Sync] Stopped: User Consents
2026-07-29 05:46:45.740: [INFO][Sync] Stopped: Send Tab To Self
2026-07-29 05:46:45.740: [INFO][Sync] Stopped: Web Apps
2026-07-29 05:46:45.740: [INFO][Sync] Stopped: History
2026-07-29 05:46:45.740: [INFO][Sync] Stopped: Saved Tab Group
2026-07-29 05:46:45.740: [INFO][Sync] Stopped: WebAuthn Credentials
2026-07-29 05:46:45.740: [INFO][Sync] Stopped: Edge E Drop
2026-07-29 05:46:45.740: [INFO][Sync] Stopped: Edge Hub App Usage
2026-07-29 05:46:45.740: [INFO][Sync] Stopped: Edge Journey
2026-07-29 05:46:45.740: [INFO][Sync] Stopped: Edge Workspace
2026-07-29 05:46:45.740: [INFO][Sync] SyncState after authenticated was: NotSignedIn
2026-07-29 05:46:45.895: [INFO][Sync] Reset engine, reason: 8
2026-07-29 05:46:45.895: [INFO][Sync] Stopped: Bookmarks
2026-07-29 05:46:45.895: [INFO][Sync] Stopped: Preferences
2026-07-29 05:46:45.895: [INFO][Sync] Stopped: Passwords
2026-07-29 05:46:45.895: [INFO][Sync] Stopped: Autofill Profiles
2026-07-29 05:46:45.895: [INFO][Sync] Stopped: Autofill
2026-07-29 05:46:45.895: [INFO][Sync] Stopped: Extensions
2026-07-29 05:46:45.895: [INFO][Sync] Stopped: Sessions
2026-07-29 05:46:45.895: [INFO][Sync] Stopped: Extension settings
2026-07-29 05:46:45.895: [INFO][Sync] Stopped: History Delete Directives
2026-07-29 05:46:45.895: [INFO][Sync] Stopped: Device Info
2026-07-29 05:46:45.895: [INFO][Sync] Stopped: User Consents
2026-07-29 05:46:45.895: [INFO][Sync] Stopped: Send Tab To Self
2026-07-29 05:46:45.895: [INFO][Sync] Stopped: Web Apps
2026-07-29 05:46:45.895: [INFO][Sync] Stopped: History
2026-07-29 05:46:45.895: [INFO][Sync] Stopped: Saved Tab Group
2026-07-29 05:46:45.895: [INFO][Sync] Stopped: WebAuthn Credentials
2026-07-29 05:46:45.895: [INFO][Sync] Stopped: Edge E Drop
2026-07-29 05:46:45.895: [INFO][Sync] Stopped: Edge Hub App Usage
2026-07-29 05:46:45.895: [INFO][Sync] Stopped: Edge Journey
2026-07-29 05:46:45.895: [INFO][Sync] Stopped: Edge Workspace
2026-07-29 05:46:47.802: [INFO][Sync] Try to start sync engine
2026-07-29 05:46:48.246: [INFO][SyncManagerImpl::NudgeForInitialDownload] Initial download nudge for Encryption Keys
2026-07-29 05:46:48.246: [INFO][SyncEngineBackend::LoadAndConnectNigoriController] Load and connect Nigori controller
2026-07-29 05:46:48.246: [INFO][SyncEngineBackend::DoInitialize] Control Types added: Encryption Keys
2026-07-29 05:46:48.246: [INFO][SyncManagerImpl::ConfigureSyncer] Types to download: Encryption Keys with reason: 3
2026-07-29 05:46:48.294: [INFO][SyncSchedulerImpl::DoConfigurationSyncCycleJob] Configure job was blocked
2026-07-29 05:46:48.335: [INFO][SyncAuthManager::SetLastAuthError] Current auth error: None
2026-07-29 05:46:48.335: [INFO][SyncAuthManager::EdgeLogTokenErrorState] Token error with: None for account type: MSA
2026-07-29 05:46:48.335: [INFO][Sync] Credentials changed for: EdgeSyncScopeNew
2026-07-29 05:46:49.225: [INFO][Sync] Reset engine, reason: 0
2026-07-29 05:46:49.225: [INFO][Sync] Reset engine with reason: 0
